<?xml version="1.0" encoding="UTF-8"?>
<testsuites name="Mocha Tests" time="0.0010" tests="1" failures="0">
  <testsuite name="Root Suite" timestamp="2025-03-10T18:13:34" tests="0" time="0.0000" failures="0">
  </testsuite>
  <testsuite name="Simple Test" timestamp="2025-03-10T18:13:34" tests="1" file="C:\Users\Lisa\DevOps\SimpleApplication\test\test.js" time="0.0010" failures="0">
    <testcase name="Simple Test should pass" time="0.0010" classname="should pass">
    </testcase>
  </testsuite>
</testsuites>